// Jest Snapshot v1, https://goo.gl/fbAQLP

exports[`renders correctly 1`] = `
.c3 {
  position: relative;
  margin-top: calc(114px / 2);
  z-index: 1;
}

.c3 IconButton {
  background: #fff;
  -webkit-transform: translateX(-50%) translateY(-50%);
  -ms-transform: translateX(-50%) translateY(-50%);
  transform: translateX(-50%) translateY(-50%);
  position: absolute;
}

.c0 {
  display: grid;
  grid-template-rows: 1fr;
  grid-template-columns: 16.625rem 0 1fr;
  grid-template-areas: "sidebar divider main";
  position: relative;
}

.c4 {
  grid-area: main;
  position: relative;
}

.c1 {
  position: absolute;
  top: 0;
  bottom: 0;
  width: 16.625rem;
  grid-area: sidebar;
  z-index: 0;
}

.c2 {
  -webkit-transition: border 0.3s;
  transition: border 0.3s;
  border-left: 1px solid;
  grid-area: divider;
  overflow: visible;
  position: relative;
}

.c2:hover {
  border-left: 1px solid;
}

<div
  style={
    Object {
      "minWidth": "1200px",
    }
  }
>
  Flex
  <div
    className="c0"
    open={true}
  >
    <aside
      className="c1"
    >
      Sidebar
    </aside>
    <div
      className="c2"
      open={true}
    >
      <div
        className="c3"
      >
        IconButton
      </div>
    </div>
    <div
      className="c4"
    >
      PanelFields
    </div>
  </div>
</div>
`;
