// Jest Snapshot v1, https://goo.gl/fbAQLP

exports[`<DiagramHeader /> should match the basic diagram header 1`] = `
"<Styled(Header) py=\\"xsmall\\" px=\\"large\\" className=\\"has-explore\\">
  <Space between={true}>
    <Space gap=\\"xsmall\\">
      <Heading as=\\"h1\\" px=\\"1rg\\">
        Order Items
      </Heading>
    </Space>
    <Space gap=\\"xsmall\\" justifyContent=\\"flex-end\\">
      <IconButton label=\\"Explore Info\\" icon={{...}} onClick={[undefined]} style={{...}} size=\\"large\\" />
      <IconButton label=\\"Reload Diagram\\" icon={{...}} size=\\"large\\" onClick={[Function: onClick]} />
    </Space>
  </Space>
</Styled(Header)>"
`;
