// Jest Snapshot v1, https://goo.gl/fbAQLP

exports[`<DiagramToolbar /> should match the basic 1`] = `
"<Styled(Card) raised={true} height=\\"auto\\" width=\\"40px\\" minWidth=\\"40px\\">
  <Flex flexDirection=\\"column\\" alignItems=\\"center\\">
    <FlexItem py=\\"xsmall\\" fontSize=\\"xsmall\\" style={{...}}>
      100%
    </FlexItem>
    <Divider appearance=\\"light\\" />
    <FlexItem pt=\\"xsmall\\" pb=\\"xxsmall\\">
      <IconButton icon={{...}} label=\\"Zoom In\\" tooltipPlacement=\\"right\\" onClick={[Function: addZoom]} />
    </FlexItem>
    <FlexItem pb=\\"xsmall\\" pt=\\"xxsmall\\">
      <IconButton icon={{...}} label=\\"Zoom Out\\" tooltipPlacement=\\"right\\" onClick={[Function: removeZoom]} />
    </FlexItem>
    <Divider appearance=\\"light\\" />
    <FlexItem py=\\"xsmall\\">
      <IconButton icon={{...}} label=\\"Return to Start\\" tooltipPlacement=\\"right\\" onClick={[Function: recenterViewport]} />
    </FlexItem>
    <Divider appearance=\\"light\\" />
    <FlexItem my=\\"xsmall\\">
      <IconButton icon={{...}} label=\\"Toggle Minimap\\" tooltipPlacement=\\"right\\" onClick={[Function: toggleMinimap]} style={{...}} />
    </FlexItem>
  </Flex>
</Styled(Card)>"
`;
