// Jest Snapshot v1, https://goo.gl/fbAQLP

exports[`<Diagram /> should match the display_table 1`] = `
"<styled.svg id=\\"display-diagram-svg\\" type=\\"display\\" height={[undefined]}>
  <g className=\\"display-area\\" />
</styled.svg>"
`;

exports[`<Diagram /> should match the single_table 1`] = `
"<styled.svg id=\\"help-view-diagram-svg\\" type=\\"help-view\\" height={150}>
  <g className=\\"help-view-area\\" />
</styled.svg>"
`;
