// Jest Snapshot v1, https://goo.gl/fbAQLP

exports[`renders correctly 1`] = `
Array [
  <div
    className="FlexItem-sc-1re6mwg fxCVEF"
  >
    <ul
      className="List-sc-1dd290l VHTwG"
      type="none"
    >
      <li
        className="ListItem-sc-16mi6gz ejtiuJ"
      >
        <li
          bg="#FFFFFF"
          className="MenuItemListItem-sc-t4lwjd dOUswS sc-bdVaJa gjuDgd"
          color="#4C535B"
          fontSize="small"
          fontWeight="normal"
          onBlur={[Function]}
          onClick={[Function]}
          onKeyUp={[Function]}
        >
          <button
            className="MenuItemButton-sc-f5mc0o iUjhjR"
            role="menuitem"
          >
            AdWord Impressions
          </button>
        </li>
      </li>
      <li
        className="ListItem-sc-16mi6gz ejtiuJ"
      >
        <li
          bg="#FFFFFF"
          className="MenuItemListItem-sc-t4lwjd dOUswS sc-bdVaJa gjuDgd"
          color="#4C535B"
          fontSize="small"
          fontWeight="normal"
          onBlur={[Function]}
          onClick={[Function]}
          onKeyUp={[Function]}
        >
          <button
            className="MenuItemButton-sc-f5mc0o iUjhjR"
            role="menuitem"
          >
            AdWord Impressions by Ad Group
          </button>
        </li>
      </li>
      <li
        className="ListItem-sc-16mi6gz ejtiuJ"
      >
        <li
          bg="#FFFFFF"
          className="MenuItemListItem-sc-t4lwjd dOUswS sc-bdVaJa gjuDgd"
          color="#4C535B"
          fontSize="small"
          fontWeight="normal"
          onBlur={[Function]}
          onClick={[Function]}
          onKeyUp={[Function]}
        >
          <button
            className="MenuItemButton-sc-f5mc0o iUjhjR"
            role="menuitem"
          >
            AdWord Impressions by Keyword
          </button>
        </li>
      </li>
      <li
        className="ListItem-sc-16mi6gz ejtiuJ"
      >
        <li
          bg="#FFFFFF"
          className="MenuItemListItem-sc-t4lwjd dOUswS sc-bdVaJa gjuDgd"
          color="#4C535B"
          fontSize="small"
          fontWeight="normal"
          onBlur={[Function]}
          onClick={[Function]}
          onKeyUp={[Function]}
        >
          <button
            className="MenuItemButton-sc-f5mc0o iUjhjR"
            role="menuitem"
          >
            AdWord Impressions by Geo
          </button>
        </li>
      </li>
      <li
        className="ListItem-sc-16mi6gz ejtiuJ"
      >
        <li
          bg="#FFFFFF"
          className="MenuItemListItem-sc-t4lwjd dOUswS sc-bdVaJa gjuDgd"
          color="#4C535B"
          fontSize="small"
          fontWeight="normal"
          onBlur={[Function]}
          onClick={[Function]}
          onKeyUp={[Function]}
        >
          <button
            className="MenuItemButton-sc-f5mc0o iUjhjR"
            role="menuitem"
          >
            AdWord Impressions by Age Range
          </button>
        </li>
      </li>
      <li
        className="ListItem-sc-16mi6gz ejtiuJ"
      >
        <li
          bg="#FFFFFF"
          className="MenuItemListItem-sc-t4lwjd dOUswS sc-bdVaJa gjuDgd"
          color="#4C535B"
          fontSize="small"
          fontWeight="normal"
          onBlur={[Function]}
          onClick={[Function]}
          onKeyUp={[Function]}
        >
          <button
            className="MenuItemButton-sc-f5mc0o iUjhjR"
            role="menuitem"
          >
            AdWord Impressions by Audience
          </button>
        </li>
      </li>
      <li
        className="ListItem-sc-16mi6gz ejtiuJ"
      >
        <li
          bg="#FFFFFF"
          className="MenuItemListItem-sc-t4lwjd dOUswS sc-bdVaJa gjuDgd"
          color="#4C535B"
          fontSize="small"
          fontWeight="normal"
          onBlur={[Function]}
          onClick={[Function]}
          onKeyUp={[Function]}
        >
          <button
            className="MenuItemButton-sc-f5mc0o iUjhjR"
            role="menuitem"
          >
            AdWord Impressions by Video
          </button>
        </li>
      </li>
    </ul>
  </div>,
  ")",
]
`;
