// Jest Snapshot v1, https://goo.gl/fbAQLP

exports[`<HelpPanel /> should match the basic 1`] = `
"<Styled(Aside) width=\\"275px\\" px=\\"medium\\" py=\\"large\\">
  <Animate__FadeIn duration=\\"intricate\\">
    <SpaceVertical>
      <PanelHeading>
        Diagram Help
      </PanelHeading>
      <Label>
        Views
      </Label>
      <Diagram type=\\"help-view\\" dimensions={{...}} explore={{...}} reload={false} selectionInfo={{...}} setSelectionInfo={[undefined]} hiddenToggle={true} displayFieldType=\\"all\\" viewVisible={{...}} zoomFactor={0.479} setZoomFactor={[Function: setZoomFactor]} viewPosition={{...}} setViewPosition={[Function: setViewPosition]} />
      <HelpBody>
        The base view is indicated by a dark blue header. In each view table, dimension rows are white; measure rows are light orange.
      </HelpBody>
      <HelpBody>
        To the left of each field is an icon representing its type. If the field is a primary key, a key icon appears to the right of the field name.
      </HelpBody>
      <HelpBody>
        Click on a table row to see its metadata.
      </HelpBody>
      <Divider appearance=\\"light\\" />
      <Label>
        Joins
      </Label>
      <Diagram type=\\"help-join\\" dimensions={{...}} explore={{...}} reload={false} selectionInfo={{...}} setSelectionInfo={[undefined]} hiddenToggle={true} displayFieldType=\\"all\\" viewVisible={{...}} zoomFactor={0.249} setZoomFactor={[Function: setZoomFactor]} viewPosition={{...}} setViewPosition={[Function: setViewPosition]} />
      <HelpBody>
        Joins are represented by a directed line that connects two views. Joined views are indicated by a light blue header.
      </HelpBody>
      <HelpBody>
        The shape of the line, where it attaches to the view or field, conveys the cardinality of the relationship between the two objects; a forked line indicates a “many” cardinality, and a single line indicates a “one” cardinality. You would read the relationship as
         
        <styled.span>
          from
        </styled.span>
         the base view 
        <styled.span>
          to
        </styled.span>
         the joined view.
      </HelpBody>
      <HelpBody>
        Hover over a join to see its join relationship type. Click on a join line to see its metadata.
      </HelpBody>
      <ExternalLink fontSize=\\"small\\" target=\\"_blank\\" href=\\"https://docs.looker.com/data-modeling/extension-framework/lookml-diagram\\">
        Full documentation.
      </ExternalLink>
    </SpaceVertical>
  </Animate__FadeIn>
</Styled(Aside)>"
`;
