// Jest Snapshot v1, https://goo.gl/fbAQLP

exports[`renders correctly 1`] = `
.c0 {
  position: relative;
  margin-top: calc(114px / 2);
  z-index: 1;
}

.c0 IconButton {
  background: #fff;
  -webkit-transform: translateX(-50%) translateY(-50%);
  -ms-transform: translateX(-50%) translateY(-50%);
  transform: translateX(-50%) translateY(-50%);
  position: absolute;
}

<div
  className="c0"
>
  IconButton
</div>
`;
